// Jest Snapshot v1, https://goo.gl/fbAQLP

exports[`addMeasurment should render a Login page 1`] = `
<DocumentFragment>
  <div
    class="login"
  >
    <input
      class="input"
      id="name"
      type="text"
      value=""
    />
    <button
      class="button"
      disabled=""
      type="button"
    >
      Login
    </button>
  </div>
</DocumentFragment>
`;
