// Jest Snapshot v1, https://goo.gl/fbAQLP

exports[`addMeasurment should render form to add measurment 1`] = `
<DocumentFragment>
  <div
    class="nav"
  >
    Track-app
  </div>
</DocumentFragment>
`;
