// Jest Snapshot v1, https://goo.gl/fbAQLP

exports[`addMeasurment should render form to add measurment 1`] = `
<DocumentFragment>
  <div
    class="nav"
  >
    Track-app
  </div>
  <div
    class="login"
  >
    <input
      class="input"
      id="name"
      placeholder="Enter Your Name "
      type="text"
      value=""
    />
    <button
      class="button"
      disabled=""
      type="button"
    >
      Login
    </button>
  </div>
</DocumentFragment>
`;
